// Jest Snapshot v1, https://goo.gl/fbAQLP

exports[`<Datagrid /> renders properly 1`] = `
<div
  className="ReactTable -striped"
  style={Object {}}
>
  <div
    className="rt-table"
    role="grid"
    style={undefined}
  >
    <div
      className="rt-thead -header"
      style={
        Object {
          "minWidth": "300px",
        }
      }
    >
      <div
        className="rt-tr"
        role="row"
        style={undefined}
      >
        <div
          className="rt-th"
          onClick={[Function]}
          role="columnheader"
          style={
            Object {
              "flex": "100 0 auto",
              "maxWidth": null,
              "width": "100px",
            }
          }
          tabIndex="-1"
        >
          <div
            className=""
          >
            Invoice Number
          </div>
        </div>
        <div
          className="rt-th"
          onClick={[Function]}
          role="columnheader"
          style={
            Object {
              "flex": "100 0 auto",
              "maxWidth": null,
              "width": "100px",
            }
          }
          tabIndex="-1"
        >
          <div
            className=""
          >
            Table
          </div>
        </div>
        <div
          className="rt-th"
          onClick={[Function]}
          role="columnheader"
          style={
            Object {
              "flex": "100 0 auto",
              "maxWidth": null,
              "width": "100px",
            }
          }
          tabIndex="-1"
        >
          <div
            className=""
          >
            User
          </div>
        </div>
      </div>
    </div>
    <div
      className="rt-tbody"
      style={
        Object {
          "minWidth": "300px",
        }
      }
    >
      <div
        className="rt-tr-group"
        role="rowgroup"
      >
        <div
          className="rt-tr -odd"
          role="row"
          style={undefined}
        >
          <div
            className="rt-td"
            onClick={[Function]}
            role="gridcell"
            style={
              Object {
                "flex": "100 0 auto",
                "maxWidth": null,
                "width": "100px",
              }
            }
          >
            150-0
          </div>
          <div
            className="rt-td"
            onClick={[Function]}
            role="gridcell"
            style={
              Object {
                "flex": "100 0 auto",
                "maxWidth": null,
                "width": "100px",
              }
            }
          >
            Table 1
          </div>
          <div
            className="rt-td"
            onClick={[Function]}
            role="gridcell"
            style={
              Object {
                "flex": "100 0 auto",
                "maxWidth": null,
                "width": "100px",
              }
            }
          >
            Waitress Charlotte
          </div>
        </div>
      </div>
      <div
        className="rt-tr-group"
        role="rowgroup"
      >
        <div
          className="rt-tr -even"
          role="row"
          style={undefined}
        >
          <div
            className="rt-td"
            onClick={[Function]}
            role="gridcell"
            style={
              Object {
                "flex": "100 0 auto",
                "maxWidth": null,
                "width": "100px",
              }
            }
          >
            150-12
          </div>
          <div
            className="rt-td"
            onClick={[Function]}
            role="gridcell"
            style={
              Object {
                "flex": "100 0 auto",
                "maxWidth": null,
                "width": "100px",
              }
            }
          >
            Table 1
          </div>
          <div
            className="rt-td"
            onClick={[Function]}
            role="gridcell"
            style={
              Object {
                "flex": "100 0 auto",
                "maxWidth": null,
                "width": "100px",
              }
            }
          >
            Waitress Katy
          </div>
        </div>
      </div>
      <div
        className="rt-tr-group"
        role="rowgroup"
      >
        <div
          className="rt-tr -odd"
          role="row"
          style={undefined}
        >
          <div
            className="rt-td"
            onClick={[Function]}
            role="gridcell"
            style={
              Object {
                "flex": "100 0 auto",
                "maxWidth": null,
                "width": "100px",
              }
            }
          >
            150-3
          </div>
          <div
            className="rt-td"
            onClick={[Function]}
            role="gridcell"
            style={
              Object {
                "flex": "100 0 auto",
                "maxWidth": null,
                "width": "100px",
              }
            }
          >
            Table 1
          </div>
          <div
            className="rt-td"
            onClick={[Function]}
            role="gridcell"
            style={
              Object {
                "flex": "100 0 auto",
                "maxWidth": null,
                "width": "100px",
              }
            }
          >
            Manager Javier
          </div>
        </div>
      </div>
      <div
        className="rt-tr-group"
        role="rowgroup"
      >
        <div
          className="rt-tr -even"
          role="row"
          style={undefined}
        >
          <div
            className="rt-td"
            onClick={[Function]}
            role="gridcell"
            style={
              Object {
                "flex": "100 0 auto",
                "maxWidth": null,
                "width": "100px",
              }
            }
          >
            150-5
          </div>
          <div
            className="rt-td"
            onClick={[Function]}
            role="gridcell"
            style={
              Object {
                "flex": "100 0 auto",
                "maxWidth": null,
                "width": "100px",
              }
            }
          >
            Table 1
          </div>
          <div
            className="rt-td"
            onClick={[Function]}
            role="gridcell"
            style={
              Object {
                "flex": "100 0 auto",
                "maxWidth": null,
                "width": "100px",
              }
            }
          >
            Manager Javier
          </div>
        </div>
      </div>
      <div
        className="rt-tr-group"
        role="rowgroup"
      >
        <div
          className="rt-tr -odd"
          role="row"
          style={undefined}
        >
          <div
            className="rt-td"
            onClick={[Function]}
            role="gridcell"
            style={
              Object {
                "flex": "100 0 auto",
                "maxWidth": null,
                "width": "100px",
              }
            }
          >
            150-7
          </div>
          <div
            className="rt-td"
            onClick={[Function]}
            role="gridcell"
            style={
              Object {
                "flex": "100 0 auto",
                "maxWidth": null,
                "width": "100px",
              }
            }
          >
            Counter
          </div>
          <div
            className="rt-td"
            onClick={[Function]}
            role="gridcell"
            style={
              Object {
                "flex": "100 0 auto",
                "maxWidth": null,
                "width": "100px",
              }
            }
          >
            Waitress Katy
          </div>
        </div>
      </div>
      <div
        className="rt-tr-group"
        role="rowgroup"
      >
        <div
          className="rt-tr -even"
          role="row"
          style={undefined}
        >
          <div
            className="rt-td"
            onClick={[Function]}
            role="gridcell"
            style={
              Object {
                "flex": "100 0 auto",
                "maxWidth": null,
                "width": "100px",
              }
            }
          >
            150-6
          </div>
          <div
            className="rt-td"
            onClick={[Function]}
            role="gridcell"
            style={
              Object {
                "flex": "100 0 auto",
                "maxWidth": null,
                "width": "100px",
              }
            }
          >
            Table 1
          </div>
          <div
            className="rt-td"
            onClick={[Function]}
            role="gridcell"
            style={
              Object {
                "flex": "100 0 auto",
                "maxWidth": null,
                "width": "100px",
              }
            }
          >
            Waitress Charlotte
          </div>
        </div>
      </div>
      <div
        className="rt-tr-group"
        role="rowgroup"
      >
        <div
          className="rt-tr -odd"
          role="row"
          style={undefined}
        >
          <div
            className="rt-td"
            onClick={[Function]}
            role="gridcell"
            style={
              Object {
                "flex": "100 0 auto",
                "maxWidth": null,
                "width": "100px",
              }
            }
          >
            150-4
          </div>
          <div
            className="rt-td"
            onClick={[Function]}
            role="gridcell"
            style={
              Object {
                "flex": "100 0 auto",
                "maxWidth": null,
                "width": "100px",
              }
            }
          >
            Table 1
          </div>
          <div
            className="rt-td"
            onClick={[Function]}
            role="gridcell"
            style={
              Object {
                "flex": "100 0 auto",
                "maxWidth": null,
                "width": "100px",
              }
            }
          >
            Manager Johnny
          </div>
        </div>
      </div>
      <div
        className="rt-tr-group"
        role="rowgroup"
      >
        <div
          className="rt-tr -even"
          role="row"
          style={undefined}
        >
          <div
            className="rt-td"
            onClick={[Function]}
            role="gridcell"
            style={
              Object {
                "flex": "100 0 auto",
                "maxWidth": null,
                "width": "100px",
              }
            }
          >
            150-11
          </div>
          <div
            className="rt-td"
            onClick={[Function]}
            role="gridcell"
            style={
              Object {
                "flex": "100 0 auto",
                "maxWidth": null,
                "width": "100px",
              }
            }
          >
            Counter
          </div>
          <div
            className="rt-td"
            onClick={[Function]}
            role="gridcell"
            style={
              Object {
                "flex": "100 0 auto",
                "maxWidth": null,
                "width": "100px",
              }
            }
          >
            Manager Javier
          </div>
        </div>
      </div>
      <div
        className="rt-tr-group"
        role="rowgroup"
      >
        <div
          className="rt-tr -odd"
          role="row"
          style={undefined}
        >
          <div
            className="rt-td"
            onClick={[Function]}
            role="gridcell"
            style={
              Object {
                "flex": "100 0 auto",
                "maxWidth": null,
                "width": "100px",
              }
            }
          >
            150-14
          </div>
          <div
            className="rt-td"
            onClick={[Function]}
            role="gridcell"
            style={
              Object {
                "flex": "100 0 auto",
                "maxWidth": null,
                "width": "100px",
              }
            }
          >
            Table 2
          </div>
          <div
            className="rt-td"
            onClick={[Function]}
            role="gridcell"
            style={
              Object {
                "flex": "100 0 auto",
                "maxWidth": null,
                "width": "100px",
              }
            }
          >
            Manager Aletta
          </div>
        </div>
      </div>
      <div
        className="rt-tr-group"
        role="rowgroup"
      >
        <div
          className="rt-tr -even"
          role="row"
          style={undefined}
        >
          <div
            className="rt-td"
            onClick={[Function]}
            role="gridcell"
            style={
              Object {
                "flex": "100 0 auto",
                "maxWidth": null,
                "width": "100px",
              }
            }
          >
            150-10
          </div>
          <div
            className="rt-td"
            onClick={[Function]}
            role="gridcell"
            style={
              Object {
                "flex": "100 0 auto",
                "maxWidth": null,
                "width": "100px",
              }
            }
          >
            Table 3
          </div>
          <div
            className="rt-td"
            onClick={[Function]}
            role="gridcell"
            style={
              Object {
                "flex": "100 0 auto",
                "maxWidth": null,
                "width": "100px",
              }
            }
          >
            Waitress Katy
          </div>
        </div>
      </div>
      <div
        className="rt-tr-group"
        role="rowgroup"
      >
        <div
          className="rt-tr -odd"
          role="row"
          style={undefined}
        >
          <div
            className="rt-td"
            onClick={[Function]}
            role="gridcell"
            style={
              Object {
                "flex": "100 0 auto",
                "maxWidth": null,
                "width": "100px",
              }
            }
          >
            149-2
          </div>
          <div
            className="rt-td"
            onClick={[Function]}
            role="gridcell"
            style={
              Object {
                "flex": "100 0 auto",
                "maxWidth": null,
                "width": "100px",
              }
            }
          >
            Table 2
          </div>
          <div
            className="rt-td"
            onClick={[Function]}
            role="gridcell"
            style={
              Object {
                "flex": "100 0 auto",
                "maxWidth": null,
                "width": "100px",
              }
            }
          >
            Manager Javier
          </div>
        </div>
      </div>
      <div
        className="rt-tr-group"
        role="rowgroup"
      >
        <div
          className="rt-tr -even"
          role="row"
          style={undefined}
        >
          <div
            className="rt-td"
            onClick={[Function]}
            role="gridcell"
            style={
              Object {
                "flex": "100 0 auto",
                "maxWidth": null,
                "width": "100px",
              }
            }
          >
            149-6
          </div>
          <div
            className="rt-td"
            onClick={[Function]}
            role="gridcell"
            style={
              Object {
                "flex": "100 0 auto",
                "maxWidth": null,
                "width": "100px",
              }
            }
          >
            Table 3
          </div>
          <div
            className="rt-td"
            onClick={[Function]}
            role="gridcell"
            style={
              Object {
                "flex": "100 0 auto",
                "maxWidth": null,
                "width": "100px",
              }
            }
          >
            Waitress Charlotte
          </div>
        </div>
      </div>
      <div
        className="rt-tr-group"
        role="rowgroup"
      >
        <div
          className="rt-tr -odd"
          role="row"
          style={undefined}
        >
          <div
            className="rt-td"
            onClick={[Function]}
            role="gridcell"
            style={
              Object {
                "flex": "100 0 auto",
                "maxWidth": null,
                "width": "100px",
              }
            }
          >
            149-1
          </div>
          <div
            className="rt-td"
            onClick={[Function]}
            role="gridcell"
            style={
              Object {
                "flex": "100 0 auto",
                "maxWidth": null,
                "width": "100px",
              }
            }
          >
            Table 3
          </div>
          <div
            className="rt-td"
            onClick={[Function]}
            role="gridcell"
            style={
              Object {
                "flex": "100 0 auto",
                "maxWidth": null,
                "width": "100px",
              }
            }
          >
            Manager Javier
          </div>
        </div>
      </div>
      <div
        className="rt-tr-group"
        role="rowgroup"
      >
        <div
          className="rt-tr -even"
          role="row"
          style={undefined}
        >
          <div
            className="rt-td"
            onClick={[Function]}
            role="gridcell"
            style={
              Object {
                "flex": "100 0 auto",
                "maxWidth": null,
                "width": "100px",
              }
            }
          >
            149-17
          </div>
          <div
            className="rt-td"
            onClick={[Function]}
            role="gridcell"
            style={
              Object {
                "flex": "100 0 auto",
                "maxWidth": null,
                "width": "100px",
              }
            }
          >
            Table 2
          </div>
          <div
            className="rt-td"
            onClick={[Function]}
            role="gridcell"
            style={
              Object {
                "flex": "100 0 auto",
                "maxWidth": null,
                "width": "100px",
              }
            }
          >
            Waitress Katy
          </div>
        </div>
      </div>
      <div
        className="rt-tr-group"
        role="rowgroup"
      >
        <div
          className="rt-tr -odd"
          role="row"
          style={undefined}
        >
          <div
            className="rt-td"
            onClick={[Function]}
            role="gridcell"
            style={
              Object {
                "flex": "100 0 auto",
                "maxWidth": null,
                "width": "100px",
              }
            }
          >
            149-10
          </div>
          <div
            className="rt-td"
            onClick={[Function]}
            role="gridcell"
            style={
              Object {
                "flex": "100 0 auto",
                "maxWidth": null,
                "width": "100px",
              }
            }
          >
            Table 1
          </div>
          <div
            className="rt-td"
            onClick={[Function]}
            role="gridcell"
            style={
              Object {
                "flex": "100 0 auto",
                "maxWidth": null,
                "width": "100px",
              }
            }
          >
            Manager Aletta
          </div>
        </div>
      </div>
      <div
        className="rt-tr-group"
        role="rowgroup"
      >
        <div
          className="rt-tr -even"
          role="row"
          style={undefined}
        >
          <div
            className="rt-td"
            onClick={[Function]}
            role="gridcell"
            style={
              Object {
                "flex": "100 0 auto",
                "maxWidth": null,
                "width": "100px",
              }
            }
          >
            149-13
          </div>
          <div
            className="rt-td"
            onClick={[Function]}
            role="gridcell"
            style={
              Object {
                "flex": "100 0 auto",
                "maxWidth": null,
                "width": "100px",
              }
            }
          >
            Table 2
          </div>
          <div
            className="rt-td"
            onClick={[Function]}
            role="gridcell"
            style={
              Object {
                "flex": "100 0 auto",
                "maxWidth": null,
                "width": "100px",
              }
            }
          >
            Waitress Katy
          </div>
        </div>
      </div>
      <div
        className="rt-tr-group"
        role="rowgroup"
      >
        <div
          className="rt-tr -odd"
          role="row"
          style={undefined}
        >
          <div
            className="rt-td"
            onClick={[Function]}
            role="gridcell"
            style={
              Object {
                "flex": "100 0 auto",
                "maxWidth": null,
                "width": "100px",
              }
            }
          >
            149-7
          </div>
          <div
            className="rt-td"
            onClick={[Function]}
            role="gridcell"
            style={
              Object {
                "flex": "100 0 auto",
                "maxWidth": null,
                "width": "100px",
              }
            }
          >
            Table 3
          </div>
          <div
            className="rt-td"
            onClick={[Function]}
            role="gridcell"
            style={
              Object {
                "flex": "100 0 auto",
                "maxWidth": null,
                "width": "100px",
              }
            }
          >
            Waitress Katy
          </div>
        </div>
      </div>
      <div
        className="rt-tr-group"
        role="rowgroup"
      >
        <div
          className="rt-tr -even"
          role="row"
          style={undefined}
        >
          <div
            className="rt-td"
            onClick={[Function]}
            role="gridcell"
            style={
              Object {
                "flex": "100 0 auto",
                "maxWidth": null,
                "width": "100px",
              }
            }
          >
            149-3
          </div>
          <div
            className="rt-td"
            onClick={[Function]}
            role="gridcell"
            style={
              Object {
                "flex": "100 0 auto",
                "maxWidth": null,
                "width": "100px",
              }
            }
          >
            Table 1 old
          </div>
          <div
            className="rt-td"
            onClick={[Function]}
            role="gridcell"
            style={
              Object {
                "flex": "100 0 auto",
                "maxWidth": null,
                "width": "100px",
              }
            }
          >
            Manager Javier
          </div>
        </div>
      </div>
      <div
        className="rt-tr-group"
        role="rowgroup"
      >
        <div
          className="rt-tr -odd"
          role="row"
          style={undefined}
        >
          <div
            className="rt-td"
            onClick={[Function]}
            role="gridcell"
            style={
              Object {
                "flex": "100 0 auto",
                "maxWidth": null,
                "width": "100px",
              }
            }
          >
            149-0
          </div>
          <div
            className="rt-td"
            onClick={[Function]}
            role="gridcell"
            style={
              Object {
                "flex": "100 0 auto",
                "maxWidth": null,
                "width": "100px",
              }
            }
          >
            Table 2
          </div>
          <div
            className="rt-td"
            onClick={[Function]}
            role="gridcell"
            style={
              Object {
                "flex": "100 0 auto",
                "maxWidth": null,
                "width": "100px",
              }
            }
          >
            Chef Vincent
          </div>
        </div>
      </div>
      <div
        className="rt-tr-group"
        role="rowgroup"
      >
        <div
          className="rt-tr -even"
          role="row"
          style={undefined}
        >
          <div
            className="rt-td"
            onClick={[Function]}
            role="gridcell"
            style={
              Object {
                "flex": "100 0 auto",
                "maxWidth": null,
                "width": "100px",
              }
            }
          >
            149-5
          </div>
          <div
            className="rt-td"
            onClick={[Function]}
            role="gridcell"
            style={
              Object {
                "flex": "100 0 auto",
                "maxWidth": null,
                "width": "100px",
              }
            }
          >
            Counter
          </div>
          <div
            className="rt-td"
            onClick={[Function]}
            role="gridcell"
            style={
              Object {
                "flex": "100 0 auto",
                "maxWidth": null,
                "width": "100px",
              }
            }
          >
            Manager Javier
          </div>
        </div>
      </div>
    </div>
  </div>
  <div
    className="-loading"
  >
    <div
      className="-loading-inner"
    >
      Loading...
    </div>
  </div>
</div>
`;
