// Jest Snapshot v1, https://goo.gl/fbAQLP

exports[`<VenuePage /> renders properly 1`] = `
<div>
  <div
    className="container"
  >
    <div
      className="MuiGrid-typeContainer-1 MuiGrid-spacing-xs-24-24 MuiGrid-justify-xs-center-18"
    >
      <div
        className="MuiGrid-typeItem-2 MuiGrid-grid-xs-12-38"
      >
        <div
          className="title"
        >
          General Information
        </div>
      </div>
      <div
        className="wrapper"
      >
        <div
          className="container50"
        >
          <div
            className="container100"
          >
            <div
              className="box"
            >
              <div
                className="label"
              >
                Venue Name
              </div>
              <div
                className="field"
              >
                CozyCorner
              </div>
            </div>
          </div>
          <div
            className="container100"
          >
            <div
              className="box"
            >
              <div
                className="label"
              >
                Created at
              </div>
              <div
                className="field"
              >
                Fri, Jan 1, 2016 12:00 AM
              </div>
            </div>
          </div>
          <div
            className="container100"
          >
            <div
              className="box"
            >
              <div
                className="label"
              >
                ID
              </div>
              <div
                className="field"
              >
                b1169e68-da9a-11e7-a6c2-1b5d67d3d955
              </div>
            </div>
          </div>
        </div>
        <div
          className="container50"
        >
          <div
            className="extraPadding"
          >
            <div
              className="roundedWhiteBox"
            >
              <div
                className="dashedBox"
              >
                <svg
                  aria-hidden="true"
                  className="MuiSvgIcon-root-91 cloudLogo"
                  color={undefined}
                  focusable="false"
                  viewBox="0 0 24 24"
                >
                  <path
                    d="M19.35 10.04C18.67 6.59 15.64 4 12 4 9.11 4 6.6 5.64 5.35 8.04 2.34 8.36 0 10.91 0 14c0 3.31 2.69 6 6 6h13c2.76 0 5-2.24 5-5 0-2.64-2.05-4.78-4.65-4.96zM14 13v4h-4v-4H7l5-5 5 5h-3z"
                  />
                </svg>
                <span
                  className="text1"
                >
                  Drag & Drop your logo here!
                </span>
                <span
                  className="text2"
                >
                  or
                </span>
                <span
                  className="text3"
                >
                  browse your computer
                </span>
              </div>
            </div>
          </div>
        </div>
      </div>
    </div>
  </div>
  <div
    className="container"
  >
    <div
      className="MuiGrid-typeContainer-1 MuiGrid-spacing-xs-24-24 MuiGrid-justify-xs-center-18"
    >
      <div
        className="MuiGrid-typeItem-2 MuiGrid-grid-xs-12-38"
      >
        <div
          className="title"
        >
          Address
        </div>
      </div>
      <div
        className="wrapper"
      >
        <div
          className="container50"
        >
          <div
            className="container50"
          >
            <div
              className="box"
            >
              <div
                className="label"
              >
                Address (Line 1)
              </div>
              <div
                className="field"
              >
                Evergreen
              </div>
            </div>
          </div>
          <div
            className="container50"
          >
            <div
              className="box"
            >
              <div
                className="label"
              >
                Address (Line 2)
              </div>
              <div
                className="field"
              >
                
              </div>
            </div>
          </div>
          <div
            className="container50"
          >
            <div
              className="box"
            >
              <div
                className="label"
              >
                Zip Code
              </div>
              <div
                className="field"
              >
                33445
              </div>
            </div>
          </div>
          <div
            className="container50"
          >
            <div
              className="box"
            >
              <div
                className="label"
              >
                City
              </div>
              <div
                className="field"
              >
                Las Vegas
              </div>
            </div>
          </div>
          <div
            className="container50"
          >
            <div
              className="box"
            >
              <div
                className="label"
              >
                State
              </div>
              <div
                className="field"
              >
                NV
              </div>
            </div>
          </div>
          <div
            className="container50"
          >
            <div
              className="box"
            >
              <div
                className="label"
              >
                Country
              </div>
              <div
                className="field"
              >
                USA
              </div>
            </div>
          </div>
        </div>
        <div
          className="container50"
        >
          <div
            className="extraPadding"
          >
            <div
              className="roundedWhiteBox"
            >
              <iframe
                className="map"
                frameBorder="0"
                src="https://www.google.com/maps/embed/v1/place?key=AIzaSyDQeH2cmhTOd435kRLbKO0iqpSOssScAi0&q=0,0"
              />
            </div>
          </div>
        </div>
      </div>
    </div>
  </div>
  <div
    className="container"
  >
    <div
      className="MuiGrid-typeContainer-1 MuiGrid-spacing-xs-24-24 MuiGrid-justify-xs-center-18"
    >
      <div
        className="MuiGrid-typeItem-2 MuiGrid-grid-xs-12-38"
      >
        <div
          className="title"
        >
          Currency
        </div>
      </div>
      <div
        className="wrapper"
      >
        <div
          className="container50"
        >
          <div
            className="box"
          >
            <div
              className="label"
            >
              Country
            </div>
            <div
              className="field"
            >
              EUR
            </div>
          </div>
        </div>
      </div>
    </div>
  </div>
</div>
`;
